I see Dog. I love him... I want to have him...
Dog looks unhappy this day. I'm worried about him, too.
Dog looks more unhappy... But he can go to the third exam of GDOI(GDSOI).
Hmmm... Dog play CatMario? It's a interesting Game.
I see Dog. I love him... I want to have him...
Hmmm... Dog play CatMario? It's a interesting Game.