Josh Groban - Caruso
 
Qui dove il mare luccica
E tira forte il vento
Sulla vecchia terrazza
Davanti al golfo di surriento
Un uomo abbraccia una ragazza
Dopo che aveva pianto
P oi si schiarisce la voce
E ricomincia il canto
 
Te voglio bene assai
Ma tanto, tanto bene sai
E una catena ormai
Che scioglie il sangue dint'e vene sai
 
Vide le luci in mezzo al mare
Penso alle notti la in America
Ma erano solo le lampare
E la bianca scia di una elica
Senti il dolore nella musica
E si alzo dal pianoforte
Ma quando vide uscire la luna da una nuvola
Gli sembro piu dolce anche la morte
 
Guardo negli occhi la ragazza
Quegli occhi verdi come il mare
Poi all'improvviso usci una lacrima
E lui credette di affogare
 
Te voglio bene assai
ma tanto tanto bene sai
E una catena ormai
Che scioglie il sangue dint'e vene sai
 
Potenza della lirica
Dove ogni dramma e un falso
Che con un po' di trucco e con la mimica
Puoi diventare un altro
Ma due occhi che tie guardano
Cosi vicini e veri
Ti fan scordare le parole
Confondono i pensieri
 
Cosi diventa tutto piccolo
Anche le notti la in America
Ti volti e vedi la tua vita
Come la scia di un'elica
Ma si e la vita che finisce
Ma lui e non ci penso poi tanto anzi
Si sentiva gia felice, e ricomincio il suo canto
 
Te voglio bene assai
Ma tanto tanto bene sai
E una catena ormai
Che sciolglie il sangue dint'e vene sai
Te voglio bene assai
Ma tanto tanto bene sai
E una catena ormai
Che sciolglie il sangue dint'e vene sai
 
 
Fine