You Raise Me Up (Por Ti Sere)
 
Cuando me vi desnudo y sin aliento
Arando un mar desierto y sin amor
Cuando pense que mi alma habia muerto
llegaste tu como la luz del sol
Por ti sere mas fuerte que el destino
Por ti sere tu heroe ante el dolor
Yo sin ti estaba tan perdido
Por ti sere mejor de lo que soy
......
Por ti sere mas fuerte que el destino
Por ti sere tu heroe ante el dolor
Yo sin ti estaba tan perdido
Por ti sere mejor de lo que soy
Por ti sere mas fuerte que el destino
Por ti sere tu heroe ante el dolor
Yo sin ti estaba tan perdido
Por ti sere mejor de lo que soy
Por ti sere ...
Por ti sere tu heroe ante el dolor
Yo sin ti estaba tan perdido
Por ti sere mejor de lo que soy
Por ti sere mejor de lo que soy...